
  (use "git checkout -- <file>..." to discard changes in working directory)

	modified:   .DS_Store
	deleted:    php/.DS_Store
	modified:   php/css/style.css
	modified:   php/fonts/ROCK.TTF
	modified:   php/login.php
	modified:   php/main.html.php
	modified:   php/main.php
	modified:   php/register.php

Untracked files:
  (use "git add <file>..." to include in what will be committed)

	php/fonts/Monaco.ttf
	php/main/
	php/update.php
	php/users/q/

no changes added to commit (use "git add" and/or "git commit -a")
Matts-MBP:piGit bolt$ git add ,
fatal: pathspec ',' did not match any files
Matts-MBP:piGit bolt$ git status
On branch master
Changes not staged for commit:


WORKS!!
repo 1 btw
